Initialized native services in: /opt/gradle/.gradle/native
Initialized jansi services in: /opt/gradle/.gradle/native
Removing 0 daemon stop events from registry
Starting a Gradle Daemon, 1 busy Daemon could not be reused, use --status for details
Starting process 'Gradle build daemon'. Working directory: /opt/gradle/.gradle/daemon/9.3.1 Command: /usr/lib/jvm/temurin-21-jdk-amd64/bin/java --add-opens=java.base/java.lang=ALL-UNNAMED --add-opens=java.base/java.lang.invoke=ALL-UNNAMED --add-opens=java.base/java.util=ALL-UNNAMED --add-opens=java.prefs/java.util.prefs=ALL-UNNAMED --add-exports=jdk.compiler/com.sun.tools.javac.api=ALL-UNNAMED --add-exports=jdk.compiler/com.sun.tools.javac.util=ALL-UNNAMED --add-opens=java.base/java.util=ALL-UNNAMED --add-opens=java.prefs/java.util.prefs=ALL-UNNAMED --add-opens=java.base/java.nio.charset=ALL-UNNAMED --add-opens=java.base/java.net=ALL-UNNAMED --add-opens=java.base/java.util.concurrent=ALL-UNNAMED --add-opens=java.base/java.util.concurrent.atomic=ALL-UNNAMED --add-opens=java.xml/javax.xml.namespace=ALL-UNNAMED --add-opens=java.base/java.time=ALL-UNNAMED -Xmx4g -Dfile.encoding=UTF-8 -Duser.country=US -Duser.language=en -Duser.variant -cp /opt/gradle/gradle-9.3.1/lib/gradle-daemon-main-9.3.1.jar -javaagent:/opt/gradle/gradle-9.3.1/lib/agents/gradle-instrumentation-agent-9.3.1.jar org.gradle.launcher.daemon.bootstrap.GradleDaemon 9.3.1
Successfully started process 'Gradle build daemon'
An attempt to start the daemon took 1.331 secs.
The client will now receive all logging from the daemon (pid: 1551). The daemon log file: /opt/gradle/.gradle/daemon/9.3.1/daemon-1551.out.log
Starting build in new daemon [memory: 4 GiB]
Using 4 worker leases.
Operational build model parameters: {requiresToolingModels=false, parallelProjectExecution=true, configureOnDemand=false, configurationCache=true, configurationCacheParallelStore=false, configurationCacheParallelLoad=true, isolatedProjects=false, parallelProjectConfiguration=false, intermediateModelCache=false, parallelToolingApiActions=true, invalidateCoupledProjects=false, modelAsProjectDependency=false, resilientModelBuilding=false}
Received JVM installation metadata from '/usr/lib/jvm/temurin-21-jdk-amd64': {JAVA_HOME=/usr/lib/jvm/temurin-21-jdk-amd64, JAVA_VERSION=21.0.12, JAVA_VENDOR=Eclipse Adoptium, RUNTIME_NAME=OpenJDK Runtime Environment, RUNTIME_VERSION=21.0.12+8-LTS, VM_NAME=OpenJDK 64-Bit Server VM, VM_VERSION=21.0.12+8-LTS, VM_VENDOR=Eclipse Adoptium, OS_ARCH=amd64}
Encryption key source: default Gradle keystore (pkcs12)
Reusing configuration cache.
Watching the file system is configured to be enabled if available
Unable to list file systems to check whether they can be watched. Disabling watching. Reason: Could not query file systems: could not open mount file (errno 2: No such file or directory)
File system watching is inactive
Using local directory build cache for the root build (location = /opt/gradle/.gradle/caches/build-cache-1, remove unused entries = after 7 days).
Tasks to be executed: [task ':app:preBuild', task ':app:preDebugBuild', task ':app:generateDebugBuildConfig', task ':app:generateDebugResources', task ':app:processDebugGoogleServices', task ':app:packageDebugResources', task ':app:processDebugNavigationResources', task ':app:parseDebugLocalResources', task ':app:generateDebugRFile', task ':app:kspDebugKotlin', task ':app:compileDebugKotlin', task ':app:javaPreCompileDebug', task ':app:compileDebugJavaWithJavac', task ':app:checkDebugAarMetadata', task ':app:mapDebugSourceSetPaths', task ':app:compileDebugNavigationResources', task ':app:mergeDebugResources', task ':app:createDebugCompatibleScreenManifests', task ':app:extractDeepLinksDebug', task ':app:processDebugMainManifest', task ':app:processDebugManifest', task ':app:processDebugManifestForPackage', task ':app:processDebugResources', task ':app:bundleDebugClassesToRuntimeJar', task ':app:bundleDebugClassesToCompileJar', task ':app:kspDebugUnitTestKotlin', task ':app:preDebugUnitTestBuild', task ':app:compileDebugUnitTestKotlin', task ':app:javaPreCompileDebugUnitTest', task ':app:compileDebugUnitTestJavaWithJavac', task ':app:generateDebugAssets', task ':app:mergeDebugAssets', task ':app:packageDebugUnitTestForUnitTest', task ':app:processDebugUnitTestManifest', task ':app:generateDebugUnitTestConfig', task ':app:processDebugJavaRes', task ':app:processDebugUnitTestJavaRes', task ':app:testDebugUnitTest', task ':app:finalizeTestRoborazziDebug']
Tasks that were excluded: []
Resolve mutations for :app:preBuild (Thread[#50,Execution worker,5,main]) started.
Resolve mutations for :app:processDebugGoogleServices (Thread[#52,Execution worker Thread 3,5,main]) started.
Resolve mutations for :app:generateDebugAssets (Thread[#49,included builds,5,main]) started.
:app:preBuild (Thread[#50,Execution worker,5,main]) started.
:app:generateDebugAssets (Thread[#49,included builds,5,main]) started.
:app:processDebugGoogleServices (Thread[#52,Execution worker Thread 3,5,main]) started.

> Task :app:generateDebugAssets UP-TO-DATE
Skipping task ':app:generateDebugAssets' as it has no actions.

> Task :app:preBuild UP-TO-DATE
Skipping task ':app:preBuild' as it has no actions.
Resolve mutations for :app:preDebugBuild (Thread[#50,Execution worker,5,main]) started.
Resolve mutations for :app:preDebugUnitTestBuild (Thread[#49,included builds,5,main]) started.
:app:preDebugBuild (Thread[#50,Execution worker,5,main]) started.
:app:preDebugUnitTestBuild (Thread[#49,included builds,5,main]) started.

> Task :app:preDebugBuild UP-TO-DATE
Skipping task ':app:preDebugBuild' as it has no actions.

> Task :app:preDebugUnitTestBuild UP-TO-DATE
Skipping task ':app:preDebugUnitTestBuild' as it has no actions.
Resolve mutations for :app:generateDebugBuildConfig (Thread[#50,Execution worker,5,main]) started.
Resolve mutations for :app:generateDebugResources (Thread[#51,Execution worker Thread 2,5,main]) started.
Resolve mutations for :app:processDebugNavigationResources (Thread[#49,included builds,5,main]) started.
:app:generateDebugBuildConfig (Thread[#50,Execution worker,5,main]) started.
:app:processDebugNavigationResources (Thread[#49,included builds,5,main]) started.
:app:generateDebugResources (Thread[#51,Execution worker Thread 2,5,main]) started.
Build e51489eb-5f65-49a8-81bc-dd5199545fef is started

> Task :app:processDebugGoogleServices UP-TO-DATE
Build cache key for task ':app:processDebugGoogleServices' is 7318cb9dbbe753e76ce2564f83a9190b
Skipping task ':app:processDebugGoogleServices' as it is up-to-date.
Resolve mutations for :app:javaPreCompileDebug (Thread[#52,Execution worker Thread 3,5,main]) started.

> Task :app:generateDebugBuildConfig UP-TO-DATE
Build cache key for task ':app:generateDebugBuildConfig' is 16e41443624c4365b6fdeeedb6d6a36b
Skipping task ':app:generateDebugBuildConfig' as it is up-to-date.

> Task :app:generateDebugResources UP-TO-DATE
Build cache key for task ':app:generateDebugResources' is 6c5fb5ec623b26c425e78327ea50ea39
Skipping task ':app:generateDebugResources' as it is up-to-date.
Resolve mutations for :app:kspDebugKotlin (Thread[#50,Execution worker,5,main]) started.
Resolve mutations for :app:packageDebugResources (Thread[#51,Execution worker Thread 2,5,main]) started.
:app:javaPreCompileDebug (Thread[#52,Execution worker Thread 3,5,main]) started.
:app:kspDebugKotlin (Thread[#50,Execution worker,5,main]) started.
:app:packageDebugResources (Thread[#51,Execution worker Thread 2,5,main]) started.

> Task :app:packageDebugResources UP-TO-DATE
Build cache key for task ':app:packageDebugResources' is 7d2d724c667d3af10b693b83fe336331
Skipping task ':app:packageDebugResources' as it is up-to-date.
Resolve mutations for :app:checkDebugAarMetadata (Thread[#51,Execution worker Thread 2,5,main]) started.
:app:checkDebugAarMetadata (Thread[#51,Execution worker Thread 2,5,main]) started.

> Task :app:javaPreCompileDebug UP-TO-DATE
Build cache key for task ':app:javaPreCompileDebug' is a928404fff76a71c21c28359943fd209
Skipping task ':app:javaPreCompileDebug' as it is up-to-date.
Resolve mutations for :app:mapDebugSourceSetPaths (Thread[#52,Execution worker Thread 3,5,main]) started.
:app:mapDebugSourceSetPaths (Thread[#52,Execution worker Thread 3,5,main]) started.

> Task :app:mapDebugSourceSetPaths UP-TO-DATE
Caching disabled for task ':app:mapDebugSourceSetPaths' because:
  Caching has been disabled for the task
Skipping task ':app:mapDebugSourceSetPaths' as it is up-to-date.
Resolve mutations for :app:mergeDebugResources (Thread[#52,Execution worker Thread 3,5,main]) started.
:app:mergeDebugResources (Thread[#52,Execution worker Thread 3,5,main]) started.

> Task :app:mergeDebugResources UP-TO-DATE
Build cache key for task ':app:mergeDebugResources' is 645feefd4aa6a5b48b47caca5de183db
Skipping task ':app:mergeDebugResources' as it is up-to-date.
Resolve mutations for :app:createDebugCompatibleScreenManifests (Thread[#52,Execution worker Thread 3,5,main]) started.

> Task :app:processDebugNavigationResources UP-TO-DATE
Build cache key for task ':app:processDebugNavigationResources' is 16a28e8938fd1660b549f82e3940ad7f
Skipping task ':app:processDebugNavigationResources' as it is up-to-date.
Resolve mutations for :app:parseDebugLocalResources (Thread[#49,included builds,5,main]) started.

> Task :app:checkDebugAarMetadata UP-TO-DATE
Caching disabled for task ':app:checkDebugAarMetadata' because:
  Caching has been disabled for the task
Skipping task ':app:checkDebugAarMetadata' as it is up-to-date.
Resolve mutations for :app:compileDebugNavigationResources (Thread[#51,Execution worker Thread 2,5,main]) started.
:app:parseDebugLocalResources (Thread[#49,included builds,5,main]) started.
:app:compileDebugNavigationResources (Thread[#51,Execution worker Thread 2,5,main]) started.

> Task :app:compileDebugNavigationResources UP-TO-DATE
Build cache key for task ':app:compileDebugNavigationResources' is 004823eb60b29dffdf8a9f8e52bb01b6
Skipping task ':app:compileDebugNavigationResources' as it is up-to-date.
Resolve mutations for :app:extractDeepLinksDebug (Thread[#51,Execution worker Thread 2,5,main]) started.
:app:extractDeepLinksDebug (Thread[#51,Execution worker Thread 2,5,main]) started.
:app:createDebugCompatibleScreenManifests (Thread[#52,Execution worker Thread 3,5,main]) started.

> Task :app:parseDebugLocalResources UP-TO-DATE
Build cache key for task ':app:parseDebugLocalResources' is d864e71661d618f7a1334d497743d1b3
Skipping task ':app:parseDebugLocalResources' as it is up-to-date.

> Task :app:extractDeepLinksDebug UP-TO-DATE
Build cache key for task ':app:extractDeepLinksDebug' is f9939768518dcfa88500b063d84765b8
Skipping task ':app:extractDeepLinksDebug' as it is up-to-date.
Resolve mutations for :app:generateDebugRFile (Thread[#49,included builds,5,main]) started.

> Task :app:createDebugCompatibleScreenManifests UP-TO-DATE
Caching disabled for task ':app:createDebugCompatibleScreenManifests' because:
  Caching has been disabled for the task
Skipping task ':app:createDebugCompatibleScreenManifests' as it is up-to-date.
Resolve mutations for :app:processDebugMainManifest (Thread[#51,Execution worker Thread 2,5,main]) started.
Resolve mutations for :app:javaPreCompileDebugUnitTest (Thread[#52,Execution worker Thread 3,5,main]) started.
:app:processDebugMainManifest (Thread[#51,Execution worker Thread 2,5,main]) started.
:app:javaPreCompileDebugUnitTest (Thread[#52,Execution worker Thread 3,5,main]) started.

> Task :app:javaPreCompileDebugUnitTest UP-TO-DATE
Build cache key for task ':app:javaPreCompileDebugUnitTest' is 9b124b4e4f98bfb7483bb61cb17ae852
Skipping task ':app:javaPreCompileDebugUnitTest' as it is up-to-date.
:app:generateDebugRFile (Thread[#49,included builds,5,main]) started.
Resolve mutations for :app:mergeDebugAssets (Thread[#52,Execution worker Thread 3,5,main]) started.
:app:mergeDebugAssets (Thread[#52,Execution worker Thread 3,5,main]) started.

> Task :app:generateDebugRFile UP-TO-DATE
Build cache key for task ':app:generateDebugRFile' is c47370e904c8e9f2c2414d04670cda8d
Skipping task ':app:generateDebugRFile' as it is up-to-date.
work action resolve navigation.json (project :app) (Thread[#49,included builds,5,main]) started.

> Task :app:kspDebugKotlin UP-TO-DATE
Build cache key for task ':app:kspDebugKotlin' is 7c4148962e579200ba9fa9615d3146ce
Skipping task ':app:kspDebugKotlin' as it is up-to-date.
Resolve mutations for :app:compileDebugKotlin (Thread[#50,Execution worker,5,main]) started.
:app:compileDebugKotlin (Thread[#50,Execution worker,5,main]) started.

> Task :app:mergeDebugAssets UP-TO-DATE
Caching disabled for task ':app:mergeDebugAssets' because:
  Simple merging task
Skipping task ':app:mergeDebugAssets' as it is up-to-date.

> Task :app:processDebugMainManifest UP-TO-DATE
Build cache key for task ':app:processDebugMainManifest' is 00f1e7c74ba46ef8eabd613c9e99d6cb
Skipping task ':app:processDebugMainManifest' as it is up-to-date.
Resolve mutations for :app:processDebugManifest (Thread[#51,Execution worker Thread 2,5,main]) started.
Resolve mutations for :app:processDebugUnitTestManifest (Thread[#52,Execution worker Thread 3,5,main]) started.
:app:processDebugUnitTestManifest (Thread[#52,Execution worker Thread 3,5,main]) started.
:app:processDebugManifest (Thread[#51,Execution worker Thread 2,5,main]) started.

> Task :app:processDebugManifest UP-TO-DATE
Build cache key for task ':app:processDebugManifest' is b409ca5432aa02c7458f15dfb81f8653
Skipping task ':app:processDebugManifest' as it is up-to-date.
Resolve mutations for :app:processDebugManifestForPackage (Thread[#51,Execution worker Thread 2,5,main]) started.
:app:processDebugManifestForPackage (Thread[#51,Execution worker Thread 2,5,main]) started.

> Task :app:processDebugManifestForPackage UP-TO-DATE
Build cache key for task ':app:processDebugManifestForPackage' is 29efb45a4b267610080d3700c6d57233
Skipping task ':app:processDebugManifestForPackage' as it is up-to-date.
Resolve mutations for :app:processDebugResources (Thread[#51,Execution worker Thread 2,5,main]) started.
:app:processDebugResources (Thread[#51,Execution worker Thread 2,5,main]) started.

> Task :app:processDebugUnitTestManifest UP-TO-DATE
Caching disabled for task ':app:processDebugUnitTestManifest' because:
  Caching has been disabled for the task
Skipping task ':app:processDebugUnitTestManifest' as it is up-to-date.

> Task :app:compileDebugKotlin UP-TO-DATE
file or directory '/app/applet/app/src/main/kotlin', not found
file or directory '/app/applet/app/src/debug/java', not found
file or directory '/app/applet/app/src/debug/kotlin', not found
file or directory '/app/applet/app/src/debug/java', not found
file or directory '/app/applet/app/src/main/kotlin', not found
file or directory '/app/applet/app/src/debug/java', not found
file or directory '/app/applet/app/src/debug/kotlin', not found
file or directory '/app/applet/app/src/debug/java', not found
file or directory '/app/applet/app/src/main/kotlin', not found
file or directory '/app/applet/app/src/debug/java', not found
file or directory '/app/applet/app/src/debug/kotlin', not found
file or directory '/app/applet/app/src/debug/java', not found
Build cache key for task ':app:compileDebugKotlin' is 6849260a3f721084991aef63f6c880ca
Skipping task ':app:compileDebugKotlin' as it is up-to-date.
Resolve mutations for :app:compileDebugJavaWithJavac (Thread[#50,Execution worker,5,main]) started.
:app:compileDebugJavaWithJavac (Thread[#50,Execution worker,5,main]) started.
Resolve mutations for :app:processDebugJavaRes (Thread[#49,included builds,5,main]) started.
:app:processDebugJavaRes (Thread[#49,included builds,5,main]) started.

> Task :app:processDebugJavaRes UP-TO-DATE
file or directory '/app/applet/app/src/main/resources', not found
file or directory '/app/applet/app/src/debug/resources', not found
Caching disabled for task ':app:processDebugJavaRes' because:
  Caching has been disabled for the task
Skipping task ':app:processDebugJavaRes' as it is up-to-date.
work action resolve out (project :app) (Thread[#49,included builds,5,main]) started.

> Task :app:compileDebugJavaWithJavac UP-TO-DATE
Build cache key for task ':app:compileDebugJavaWithJavac' is 49c6f0f13b781475fdda67f1ab28c700
Skipping task ':app:compileDebugJavaWithJavac' as it is up-to-date.
No compile result for :app:compileDebugJavaWithJavac

> Task :app:processDebugResources UP-TO-DATE
Build cache key for task ':app:processDebugResources' is abe6a2740f9198c1974c8063d59b8476
Skipping task ':app:processDebugResources' as it is up-to-date.
Resolve mutations for :app:bundleDebugClassesToRuntimeJar (Thread[#51,Execution worker Thread 2,5,main]) started.
Resolve mutations for :app:bundleDebugClassesToCompileJar (Thread[#52,Execution worker Thread 3,5,main]) started.
:app:bundleDebugClassesToRuntimeJar (Thread[#51,Execution worker Thread 2,5,main]) started.
Resolve mutations for :app:packageDebugUnitTestForUnitTest (Thread[#49,included builds,5,main]) started.
:app:packageDebugUnitTestForUnitTest (Thread[#49,included builds,5,main]) started.
:app:bundleDebugClassesToCompileJar (Thread[#52,Execution worker Thread 3,5,main]) started.

> Task :app:packageDebugUnitTestForUnitTest UP-TO-DATE
Caching disabled for task ':app:packageDebugUnitTestForUnitTest' because:
  Simple merging task
Skipping task ':app:packageDebugUnitTestForUnitTest' as it is up-to-date.
Resolve mutations for :app:generateDebugUnitTestConfig (Thread[#49,included builds,5,main]) started.
:app:generateDebugUnitTestConfig (Thread[#49,included builds,5,main]) started.

> Task :app:generateDebugUnitTestConfig UP-TO-DATE
Caching disabled for task ':app:generateDebugUnitTestConfig' because:
  Caching has been disabled for the task
Skipping task ':app:generateDebugUnitTestConfig' as it is up-to-date.

> Task :app:bundleDebugClassesToRuntimeJar UP-TO-DATE
Caching disabled for task ':app:bundleDebugClassesToRuntimeJar' because:
  Caching has been disabled for the task
Skipping task ':app:bundleDebugClassesToRuntimeJar' as it is up-to-date.

> Task :app:bundleDebugClassesToCompileJar UP-TO-DATE
Caching disabled for task ':app:bundleDebugClassesToCompileJar' because:
  Caching has been disabled for the task
Skipping task ':app:bundleDebugClassesToCompileJar' as it is up-to-date.
work action resolve classes.jar (project :app) (Thread[#51,Execution worker Thread 2,5,main]) started.
work action resolve classes.jar (project :app) (Thread[#52,Execution worker Thread 3,5,main]) started.
Resolve mutations for :app:kspDebugUnitTestKotlin (Thread[#52,Execution worker Thread 3,5,main]) started.
:app:kspDebugUnitTestKotlin (Thread[#52,Execution worker Thread 3,5,main]) started.

> Task :app:kspDebugUnitTestKotlin UP-TO-DATE
Build cache key for task ':app:kspDebugUnitTestKotlin' is 1d1570da21dac83d0c685ec3f1303775
Skipping task ':app:kspDebugUnitTestKotlin' as it is up-to-date.
Resolve mutations for :app:compileDebugUnitTestKotlin (Thread[#52,Execution worker Thread 3,5,main]) started.
:app:compileDebugUnitTestKotlin (Thread[#52,Execution worker Thread 3,5,main]) started.

> Task :app:compileDebugUnitTestKotlin UP-TO-DATE
file or directory '/app/applet/app/src/test/kotlin', not found
file or directory '/app/applet/app/src/testDebug/java', not found
file or directory '/app/applet/app/src/testDebug/kotlin', not found
file or directory '/app/applet/app/src/testDebug/java', not found
file or directory '/app/applet/app/src/test/kotlin', not found
file or directory '/app/applet/app/src/testDebug/java', not found
file or directory '/app/applet/app/src/testDebug/kotlin', not found
file or directory '/app/applet/app/src/testDebug/java', not found
file or directory '/app/applet/app/src/test/kotlin', not found
file or directory '/app/applet/app/src/testDebug/java', not found
file or directory '/app/applet/app/src/testDebug/kotlin', not found
file or directory '/app/applet/app/src/testDebug/java', not found
Build cache key for task ':app:compileDebugUnitTestKotlin' is 0d15d6d01e53076bf96134a9dd523fd1
Skipping task ':app:compileDebugUnitTestKotlin' as it is up-to-date.
Resolve mutations for :app:compileDebugUnitTestJavaWithJavac (Thread[#52,Execution worker Thread 3,5,main]) started.
Resolve mutations for :app:processDebugUnitTestJavaRes (Thread[#50,Execution worker,5,main]) started.
:app:processDebugUnitTestJavaRes (Thread[#50,Execution worker,5,main]) started.
:app:compileDebugUnitTestJavaWithJavac (Thread[#52,Execution worker Thread 3,5,main]) started.

> Task :app:compileDebugUnitTestJavaWithJavac NO-SOURCE
Skipping task ':app:compileDebugUnitTestJavaWithJavac' as it has no source files and no previous output files.

> Task :app:processDebugUnitTestJavaRes UP-TO-DATE
file or directory '/app/applet/app/src/test/resources', not found
file or directory '/app/applet/app/src/testDebug/resources', not found
Caching disabled for task ':app:processDebugUnitTestJavaRes' because:
  Caching has been disabled for the task
Skipping task ':app:processDebugUnitTestJavaRes' as it is up-to-date.
Resolve mutations for :app:testDebugUnitTest (Thread[#50,Execution worker,5,main]) started.
:app:testDebugUnitTest (Thread[#50,Execution worker,5,main]) started.

> Task :app:testDebugUnitTest UP-TO-DATE
Build cache key for task ':app:testDebugUnitTest' is 311a62d9730d3c7db3799783faa1cf38
Skipping task ':app:testDebugUnitTest' as it is up-to-date.
Resolve mutations for :app:finalizeTestRoborazziDebug (Thread[#50,Execution worker,5,main]) started.
:app:finalizeTestRoborazziDebug (Thread[#50,Execution worker,5,main]) started.

> Task :app:finalizeTestRoborazziDebug SKIPPED
Roborazzi: roborazziTestFinalizer.onlyIf doesRoborazziRun false
Skipping task ':app:finalizeTestRoborazziDebug' as task onlyIf 'Task satisfies onlyIf spec' is false.
Build e51489eb-5f65-49a8-81bc-dd5199545fef is closed

BUILD SUCCESSFUL in 10s
33 actionable tasks: 33 up-to-date
Configuration cache entry reused.
